%!Adobe-FontList 1.13
%Locale:0x41e

%BeginFont
Handler:DirectoryHandler
FontType:Invalid
OutlineFileName:E:\58\abt\songkhla\อบจ.สงขลา\Font\rsu_regular-webfont.eot
FileModTime:1355380828
%EndFont

%BeginFont
Handler:DirectoryHandler
FontType:TrueType
FontName:RSU
FamilyName:RSU
StyleName:Regular
FullName:RSU Regular
MenuName:RSU
StyleBits:0
WritingScript:Roman
OutlineFileName:E:\58\abt\songkhla\อบจ.สงขลา\Font\rsu_regular-webfont.ttf
DataFormat:sfntData
FileLength:75168
FileModTime:1355380828
WeightClass:400
WidthClass:5
AngleClass:0
%EndFont

%BeginFont
Handler:DirectoryHandler
FontType:Invalid
OutlineFileName:E:\58\abt\songkhla\อบจ.สงขลา\Font\rsu_regular-webfont.woff
FileModTime:1355380828
%EndFont

%BeginFont
Handler:DirectoryHandler
FontType:Invalid
OutlineFileName:E:\58\abt\songkhla\อบจ.สงขลา\Font\supermarket.eot
FileModTime:1355380828
%EndFont

%BeginFont
Handler:DirectoryHandler
FontType:Invalid
OutlineFileName:E:\58\abt\songkhla\อบจ.สงขลา\Font\supermarket.svg
FileModTime:1355380828
%EndFont

%BeginFont
Handler:DirectoryHandler
FontType:TrueType
FontName:supermarket
FamilyName:supermarket
StyleName:Regular
FullName:supermarket
MenuName:supermarket
StyleBits:0
FamilyNameNative:
StyleNameNative:Regular
FullNameNative:
WritingScript:Thai
OutlineFileName:E:\58\abt\songkhla\อบจ.สงขลา\Font\supermarket.ttf
DataFormat:sfntData
FileLength:82648
FileModTime:1355380828
WeightClass:400
WidthClass:5
AngleClass:0
%EndFont

%BeginFont
Handler:DirectoryHandler
FontType:Invalid
OutlineFileName:E:\58\abt\songkhla\อบจ.สงขลา\Font\supermarket.woff
FileModTime:1355380828
%EndFont

